// Jest Snapshot v1, https://goo.gl/fbAQLP

exports[`ClearBillingsAdvantageCard component renders unchanged 1`] = `
<div>
  <div
    class="flex flex-col gap-y-4 text-left justify-left"
    data-aos="fade-right"
    data-aos-duration="1000"
  >
    <img
      alt="dollar"
      class="w-[48px] lg:w-[64px]"
      data-nimg="1"
      decoding="async"
      height="64"
      loading="lazy"
      src="/_next/image?url=%2Fdollar.webp&w=128&q=75"
      srcset="/_next/image?url=%2Fdollar.webp&w=64&q=75 1x, /_next/image?url=%2Fdollar.webp&w=128&q=75 2x"
      style="color: transparent;"
      width="64"
    />
    <h4
      class="font-bold text-lg md:text-xl lg:text-2xl text-secondary"
    >
      Przejrzyste rozliczenia
    </h4>
    <p
      class="text-sm md:text-base text-body"
    >
      Przed rozpoczęciem projektu dokonuje wyceny w której zawarte są wszystkie wykonywane usługi. Dzięki, temu wiesz za co płacisz.
    </p>
  </div>
</div>
`;
