// Jest Snapshot v1, https://goo.gl/fbAQLP

exports[`FittedSolutionsAdvantageCard component renders unchanged 1`] = `
<div>
  <div
    class="flex flex-col gap-y-4 text-left justify-left"
    data-aos="fade-right"
    data-aos-duration="1500"
  >
    <img
      alt="measure"
      class="w-[48px] lg:w-[64px]"
      data-nimg="1"
      decoding="async"
      height="64"
      loading="lazy"
      src="/_next/image?url=%2Fmeasure.webp&w=128&q=75"
      srcset="/_next/image?url=%2Fmeasure.webp&w=64&q=75 1x, /_next/image?url=%2Fmeasure.webp&w=128&q=75 2x"
      style="color: transparent;"
      width="64"
    />
    <h4
      class="font-bold text-lg md:text-xl lg:text-2xl text-secondary"
    >
      Rozwiązania dopasowane do oczekiwań klienta
    </h4>
    <p
      class="text-sm md:text-base text-body"
    >
      Każdy projekt rozpoczynam od zebrania szczegółowych informacji na temat tego jak ma wyglądać końcowe rozwiązanie. W trakcie realizacji konsultuje postępy po to żeby jak najlepiej wpasować się w twoje oczekiwania.
    </p>
  </div>
</div>
`;
