// Jest Snapshot v1, https://goo.gl/fbAQLP

exports[`AboutMeSection component renders unchanged 1`] = `
<div>
  <section
    class="mt-16 mb-64"
    id="about-me"
  >
    <div
      class="md:max-w-[1024px] lg:max-w-[1320px] w-full mx-auto md:px-16 px-4 "
    >
      <div
        class="text-center max-w-3xl mx-auto"
      >
        <span
          class="text-primary font-semibold text-md md:text-lg lg:text-xl uppercase"
        >
          O mnie
        </span>
        <h2
          class="text-2xl md:text-3xl lg:text-4xl text-secondary font-bold"
        >
          Kilka słów o tym kim jestem
        </h2>
      </div>
      <p
        class="mt-16 text-body max-w-3xl text-sm md:text-base mx-auto text-center"
      >
        Cześć, jestem Michał. Od kilku lat interesuje się programowaniem i tworzeniem stron internetowych. Swoją dotychczasową wiedzę poszerzałem głównie poprzez realizację projektów we własnym zakresie. Staram się być na bieżąco z aktualnymi trendami na rynku, zdobywać nową wiedzę, aby dostarczać rozwiązania spełniające aktualne standardy jakości.
      </p>
    </div>
  </section>
</div>
`;
