// Jest Snapshot v1, https://goo.gl/fbAQLP

exports[`PrimaryButton component renders unchanged 1`] = `
<div>
  <button
    class="py-4 px-8 font-bold text-sm md:text-base transition-all duration-500 disabled:bg-lightGrey disabled:text-body bg-primary text-white hover:bg-primary/90 active:bg-primary/80 border border-transparent border-solid "
    type="button"
  >
    Button test
  </button>
</div>
`;
