// Jest Snapshot v1, https://goo.gl/fbAQLP

exports[`MenuItem component renders unchanged 1`] = `
<div>
  <li>
    <a
      class="text-5xl font-medium hover:text-secondary duration-500 transition-[color] lg:text-base decoration-none"
      href="/test"
    >
      test
      <span
        class="w-0 bg-transparent transition-all duration-500 h-0.5  block "
      />
    </a>
  </li>
</div>
`;
